Description: The scene is dimly lit. Snow covers much of the ground. Thick snow is piled on the right side. This snow is against a white door frame and an adjacent wall. A dark, ridged object is in the upper left. A striped mat lies in the foreground. The mat shows red, green, and beige stripes. Melting snow and ice cover parts of the mat. Dark debris is scattered across the snow and mat.
Weather: 13.78 ░F, Clouds
Detected classes: ['cat']

--- Old Logic ---
MATCH: 'cat' found in description (Substring match)
Confirmed: True

--- New Logic ---
NO MATCH: 'cat' NOT found as whole word
Confirmed: False

--- Negation Logic Test ---
Old Negation (substring 'no '): False
New Negation (regex '\bno\b'): False
